// 重构日志: 5f5e2b53
// 重构日志: 329b5425
// 重构日志: a081add7
// 同步 ID: f92000fd @ Sun Jul 19 12:22:21 UTC 2026
// 重构日志: 410ad813
// 同步 ID: c9df812d @ Sun Jul 19 17:00:07 UTC 2026
// 重构日志: 891c83f6
// 重构日志: a6609143
// 重构日志: 62191d44
// 重构日志: fefdf9dc
// 同步 ID: 04c3483e @ Tue Jul 21 23:36:39 UTC 2026
// 重构日志: 38404467
// 同步 ID: 9e18a558 @ Wed Jul 22 16:06:02 UTC 2026
// 重构日志: 31b470a6
// 重构日志: 76d95641
// 重构日志: d2e1188c
// 重构日志: 9b4db6c7
// 重构日志: 033a67db
// 重构日志: e7bb4c9b
// 重构日志: b28667dc
// 同步 ID: 0c0603e9 @ Sat Jul 25 22:16:41 UTC 2026
// 重构日志: 83241e21
// 重构日志: 35ebfdf1
// 重构日志: 00078d1d
// 重构日志: ee82ec89
// 重构日志: 6c0e41bd
// 重构日志: 1b136ec6
// 重构日志: b91bd275
// 重构日志: 33645186
// 同步 ID: 8651fa04 @ Thu Jul 30 21:02:05 UTC 2026
